** Drc report for Amigo.kicad_pcb **
** Created on 2026-05-20T21:09:57 **
** Report includes: Errors **

** Found 5 DRC violations **
[starved_thermal]: Thermal relief connection to zone incomplete (layer F.Cu; 2 spokes connected to isolated island)
    Local override; error
    @(12.0000 mm, 12.0000 mm): Zone [GND] on F.Cu and B.Cu, priority 0
    @(17.0000 mm, 52.5000 mm): PTH pad 2 [GND] of J6
[starved_thermal]: Thermal relief connection to zone incomplete (layer F.Cu; zone min spoke count 2; actual 1)
    Local override; error
    @(12.0000 mm, 12.0000 mm): Zone [GND] on F.Cu and B.Cu, priority 0
    @(37.1375 mm, 21.0000 mm): Pad 2 [GND] of U2 on F.Cu
[starved_thermal]: Thermal relief connection to zone incomplete (layer F.Cu; zone min spoke count 2; actual 1)
    Local override; error
    @(12.0000 mm, 12.0000 mm): Zone [GND] on F.Cu and B.Cu, priority 0
    @(20.7000 mm, 17.0200 mm): PTH pad SH [GND] of J1
[starved_thermal]: Thermal relief connection to zone incomplete (layer F.Cu; zone min spoke count 2; actual 1)
    Local override; error
    @(12.0000 mm, 12.0000 mm): Zone [GND] on F.Cu and B.Cu, priority 0
    @(33.0000 mm, 20.2250 mm): Pad 2 [GND] of C2 on F.Cu
[starved_thermal]: Thermal relief connection to zone incomplete (layer F.Cu; zone min spoke count 2; actual 1)
    Local override; error
    @(12.0000 mm, 12.0000 mm): Zone [GND] on F.Cu and B.Cu, priority 0
    @(45.6750 mm, 21.5000 mm): Pad 2 [GND] of R5 on F.Cu

** Found 1 unconnected pads **
[unconnected_items]: Missing connection between items
    Local override; error
    @(37.1375 mm, 21.0000 mm): Pad 2 [GND] of U2 on F.Cu
    @(12.0000 mm, 12.0000 mm): Zone [GND] on F.Cu and B.Cu, priority 0

** Found 0 Footprint errors **

** Ignored checks **
    - Footprint has no courtyard defined
    - Track endpoint not centered on via
    - Tuning profile track geometries
    - Footprint doesn't match symbol's footprint filters
    - Footprint component type doesn't match footprint pads

** End of Report **
